searchengine\services\SnippetService.class
searchengine\config\Site.class
searchengine\services\IndexingService.class
searchengine\repositories\LemmaRepository.class
searchengine\dto\search\SearchQuery.class
searchengine\dto\statistics\StatisticsResponse.class
searchengine\dto\statistics\TotalStatistics.class
searchengine\enums\Status.class
searchengine\config\DatabaseConfig.class
searchengine\repositories\PageRepository.class
searchengine\services\StatisticsServiceImpl.class
searchengine\services\IndexingService$1.class
searchengine\controllers\SearchController.class
searchengine\exception\GlobalExceptionHandler.class
searchengine\dto\search\SearchResult.class
searchengine\dto\statistics\DetailedStatisticsItem.class
searchengine\utils\HtmlCleaner.class
searchengine\models\Page.class
searchengine\models\Lemma.class
searchengine\Application.class
searchengine\config\SitesList.class
searchengine\repositories\IndexRepository.class
searchengine\services\SearchService.class
searchengine\config\WebMvcConfig.class
searchengine\services\LemmatizationService.class
searchengine\controllers\ApiController.class
searchengine\models\IndexPK.class
searchengine\models\Site.class
searchengine\repositories\SiteRepository.class
searchengine\services\StatisticsService.class
searchengine\dto\statistics\StatisticsData.class
searchengine\models\Index.class
